03-28 10:56:19.955: E/QCALOG(461): [MessageQ] ProcessNewMessage: [XTWWAN-PE] unknown deliver target [OS-Agent]
03-28 10:56:19.955: E/QCALOG(461): [MessageQ] ProcessNewMessage: [XT-CS] unknown deliver target [OS-Agent]
03-28 10:56:19.955: E/QCALOG(461): [MessageQ] ProcessNewMessage: [XTWiFi-PE] unknown deliver target [OS-Agent]
03-28 10:56:24.965: E/QCALOG(461): [MessageQ] ProcessNewMessage: [XTWWAN-PE] unknown deliver target [OS-Agent]
03-28 10:56:24.965: E/QCALOG(461): [MessageQ] ProcessNewMessage: [XT-CS] unknown deliver target [OS-Agent]
03-28 10:56:24.965: E/QCALOG(461): [MessageQ] ProcessNewMessage: [XTWiFi-PE] unknown deliver target [OS-Agent]
03-28 10:56:29.955: E/QCALOG(461): [MessageQ] ProcessNewMessage: [XTWWAN-PE] unknown deliver target [OS-Agent]
03-28 10:56:29.955: E/QCALOG(461): [MessageQ] ProcessNewMessage: [XT-CS] unknown deliver target [OS-Agent]
03-28 10:56:29.955: E/QCALOG(461): [MessageQ] ProcessNewMessage: [XTWiFi-PE] unknown deliver target [OS-Agent]
03-28 10:56:34.955: E/QCALOG(461): [MessageQ] ProcessNewMessage: [XTWWAN-PE] unknown deliver target [OS-Agent]
03-28 10:56:34.955: E/QCALOG(461): [MessageQ] ProcessNewMessage: [XT-CS] unknown deliver target [OS-Agent]
03-28 10:56:34.955: E/QCALOG(461): [MessageQ] ProcessNewMessage: [XTWiFi-PE] unknown deliver target [OS-Agent]
03-28 10:56:39.965: E/QCALOG(461): [MessageQ] ProcessNewMessage: [XTWWAN-PE] unknown deliver target [OS-Agent]
03-28 10:56:39.965: E/QCALOG(461): [MessageQ] ProcessNewMessage: [XT-CS] unknown deliver target [OS-Agent]
03-28 10:56:39.965: E/QCALOG(461): [MessageQ] ProcessNewMessage: [XTWiFi-PE] unknown deliver target [OS-Agent]
03-28 10:56:41.385: E/QCALOG(461): [MessageQ] ProcessNewMessage: [LOWI-SERVER] unknown deliver target [OS-Agent]
03-28 10:56:44.965: E/QCALOG(461): [MessageQ] ProcessNewMessage: [XTWWAN-PE] unknown deliver target [OS-Agent]
03-28 10:56:44.965: E/QCALOG(461): [MessageQ] ProcessNewMessage: [XT-CS] unknown deliver target [OS-Agent]
03-28 10:56:44.965: E/QCALOG(461): [MessageQ] ProcessNewMessage: [XTWiFi-PE] unknown deliver target [OS-Agent]
03-28 10:56:49.965: E/QCALOG(461): [MessageQ] ProcessNewMessage: [XTWWAN-PE] unknown deliver target [OS-Agent]
03-28 10:56:49.965: E/QCALOG(461): [MessageQ] ProcessNewMessage: [XT-CS] unknown deliver target [OS-Agent]
03-28 10:56:49.965: E/QCALOG(461): [MessageQ] ProcessNewMessage: [XTWiFi-PE] unknown deliver target [OS-Agent]
03-28 10:56:52.555: E/Parcel(20951): Reading a NULL string not supported here.
03-28 10:56:52.555: E/Parcel(1381): Reading a NULL string not supported here.
03-28 10:56:54.965: E/QCALOG(461): [MessageQ] ProcessNewMessage: [XTWWAN-PE] unknown deliver target [OS-Agent]
03-28 10:56:54.965: E/QCALOG(461): [MessageQ] ProcessNewMessage: [XT-CS] unknown deliver target [OS-Agent]
03-28 10:56:54.965: E/QCALOG(461): [MessageQ] ProcessNewMessage: [XTWiFi-PE] unknown deliver target [OS-Agent]
03-28 10:56:59.965: E/QCALOG(461): [MessageQ] ProcessNewMessage: [XTWWAN-PE] unknown deliver target [OS-Agent]
03-28 10:56:59.965: E/QCALOG(461): [MessageQ] ProcessNewMessage: [XT-CS] unknown deliver target [OS-Agent]
03-28 10:56:59.965: E/QCALOG(461): [MessageQ] ProcessNewMessage: [XTWiFi-PE] unknown deliver target [OS-Agent]
03-28 10:57:04.965: E/QCALOG(461): [MessageQ] ProcessNewMessage: [XTWWAN-PE] unknown deliver target [OS-Agent]
03-28 10:57:04.965: E/QCALOG(461): [MessageQ] ProcessNewMessage: [XT-CS] unknown deliver target [OS-Agent]
03-28 10:57:04.965: E/QCALOG(461): [MessageQ] ProcessNewMessage: [XTWiFi-PE] unknown deliver target [OS-Agent]
03-28 10:57:06.875: E/Bundle(20951): readBundle: bad magic number
03-28 10:57:06.875: E/Bundle(20951): readBundle: trace = java.lang.RuntimeException
03-28 10:57:06.875: E/Bundle(20951): 	at android.os.Bundle.readFromParcelInner(Bundle.java:1677)
03-28 10:57:06.875: E/Bundle(20951): 	at android.os.Bundle.<init>(Bundle.java:83)
03-28 10:57:06.875: E/Bundle(20951): 	at android.os.Parcel.readBundle(Parcel.java:1590)
03-28 10:57:06.875: E/Bundle(20951): 	at android.os.Parcel.readBundle(Parcel.java:1575)
03-28 10:57:06.875: E/Bundle(20951): 	at android.content.Intent.readFromParcel(Intent.java:6893)
03-28 10:57:06.875: E/Bundle(20951): 	at android.content.Intent.<init>(Intent.java:6859)
03-28 10:57:06.875: E/Bundle(20951): 	at android.content.Intent$1.createFromParcel(Intent.java:6850)
03-28 10:57:06.875: E/Bundle(20951): 	at android.content.Intent$1.createFromParcel(Intent.java:6848)
03-28 10:57:06.875: E/Bundle(20951): 	at tcs.awf$c.b(SourceFile:160)
03-28 10:57:06.875: E/Bundle(20951): 	at tcs.awf$c.c(SourceFile:178)
03-28 10:57:06.875: E/Bundle(20951): 	at com.tencent.permissionfw.permission.adapter.special.a$f.a(SourceFile:460)
03-28 10:57:06.875: E/Bundle(20951): 	at com.tencent.permissionfw.permission.a.a(SourceFile:153)
03-28 10:57:06.875: E/Bundle(20951): 	at com.tencent.permissionfw.permission.a.a(SourceFile:272)
03-28 10:57:06.875: E/Bundle(20951): 	at tcs.awt$a.onTransact(SourceFile:127)
03-28 10:57:06.875: E/Bundle(20951): 	at android.os.Binder.execTransact(Binder.java:388)
03-28 10:57:06.875: E/Bundle(20951): 	at dalvik.system.NativeStart.run(Native Method)
03-28 10:57:06.875: E/Parcel(20951): Reading a NULL string not supported here.
03-28 10:57:06.875: E/Parcel(1381): Reading a NULL string not supported here.
03-28 10:57:07.395: E/Parcel(20951): Reading a NULL string not supported here.
03-28 10:57:07.395: E/Parcel(1381): Reading a NULL string not supported here.
03-28 10:57:09.055: E/Parcel(20951): Reading a NULL string not supported here.
03-28 10:57:09.055: E/Parcel(1381): Reading a NULL string not supported here.
03-28 10:57:09.075: E/NotificationService(1381): Not posting notification with icon==0: Notification(pri=0 contentView=null vibrate=null sound=null defaults=0x0 flags=0x62 kind=[null])
03-28 10:57:09.075: E/NotificationService(1381): WARNING: In a future release this will crash the app: com.tencent.mtt
03-28 10:57:09.075: E/NotificationService(1381): Not posting notification with icon==0: Notification(pri=0 contentView=null vibrate=null sound=null defaults=0x0 flags=0x62 kind=[null])
03-28 10:57:09.075: E/NotificationService(1381): WARNING: In a future release this will crash the app: com.tencent.mtt
03-28 10:57:09.965: E/QCALOG(461): [MessageQ] ProcessNewMessage: [XTWWAN-PE] unknown deliver target [OS-Agent]
03-28 10:57:09.965: E/QCALOG(461): [MessageQ] ProcessNewMessage: [XT-CS] unknown deliver target [OS-Agent]
03-28 10:57:09.965: E/QCALOG(461): [MessageQ] ProcessNewMessage: [XTWiFi-PE] unknown deliver target [OS-Agent]
03-28 10:57:14.965: E/QCALOG(461): [MessageQ] ProcessNewMessage: [XTWWAN-PE] unknown deliver target [OS-Agent]
03-28 10:57:14.965: E/QCALOG(461): [MessageQ] ProcessNewMessage: [XT-CS] unknown deliver target [OS-Agent]
03-28 10:57:14.965: E/QCALOG(461): [MessageQ] ProcessNewMessage: [XTWiFi-PE] unknown deliver target [OS-Agent]
03-28 10:57:19.965: E/QCALOG(461): [MessageQ] ProcessNewMessage: [XTWWAN-PE] unknown deliver target [OS-Agent]
03-28 10:57:19.965: E/QCALOG(461): [MessageQ] ProcessNewMessage: [XT-CS] unknown deliver target [OS-Agent]
03-28 10:57:19.965: E/QCALOG(461): [MessageQ] ProcessNewMessage: [XTWiFi-PE] unknown deliver target [OS-Agent]
03-28 10:57:24.965: E/QCALOG(461): [MessageQ] ProcessNewMessage: [XTWWAN-PE] unknown deliver target [OS-Agent]
03-28 10:57:24.965: E/QCALOG(461): [MessageQ] ProcessNewMessage: [XT-CS] unknown deliver target [OS-Agent]
03-28 10:57:24.965: E/QCALOG(461): [MessageQ] ProcessNewMessage: [XTWiFi-PE] unknown deliver target [OS-Agent]
03-28 10:57:29.955: E/QCALOG(461): [MessageQ] ProcessNewMessage: [XTWWAN-PE] unknown deliver target [OS-Agent]
03-28 10:57:29.955: E/QCALOG(461): [MessageQ] ProcessNewMessage: [XT-CS] unknown deliver target [OS-Agent]
03-28 10:57:29.965: E/QCALOG(461): [MessageQ] ProcessNewMessage: [XTWiFi-PE] unknown deliver target [OS-Agent]
03-28 10:57:33.605: E/Parcel(20951): Reading a NULL string not supported here.
03-28 10:57:33.605: E/Parcel(1381): Reading a NULL string not supported here.
03-28 10:57:34.965: E/QCALOG(461): [MessageQ] ProcessNewMessage: [XTWWAN-PE] unknown deliver target [OS-Agent]
03-28 10:57:34.965: E/QCALOG(461): [MessageQ] ProcessNewMessage: [XT-CS] unknown deliver target [OS-Agent]
03-28 10:57:34.965: E/QCALOG(461): [MessageQ] ProcessNewMessage: [XTWiFi-PE] unknown deliver target [OS-Agent]
03-28 10:57:39.955: E/QCALOG(461): [MessageQ] ProcessNewMessage: [XTWWAN-PE] unknown deliver target [OS-Agent]
03-28 10:57:39.955: E/QCALOG(461): [MessageQ] ProcessNewMessage: [XT-CS] unknown deliver target [OS-Agent]
03-28 10:57:39.965: E/QCALOG(461): [MessageQ] ProcessNewMessage: [XTWiFi-PE] unknown deliver target [OS-Agent]
03-28 10:57:41.385: E/QCALOG(461): [MessageQ] ProcessNewMessage: [LOWI-SERVER] unknown deliver target [OS-Agent]
03-28 10:57:44.965: E/QCALOG(461): [MessageQ] ProcessNewMessage: [XTWWAN-PE] unknown deliver target [OS-Agent]
03-28 10:57:44.965: E/QCALOG(461): [MessageQ] ProcessNewMessage: [XT-CS] unknown deliver target [OS-Agent]
03-28 10:57:44.965: E/QCALOG(461): [MessageQ] ProcessNewMessage: [XTWiFi-PE] unknown deliver target [OS-Agent]
03-28 10:57:49.965: E/QCALOG(461): [MessageQ] ProcessNewMessage: [XTWWAN-PE] unknown deliver target [OS-Agent]
03-28 10:57:49.965: E/QCALOG(461): [MessageQ] ProcessNewMessage: [XT-CS] unknown deliver target [OS-Agent]
03-28 10:57:49.965: E/QCALOG(461): [MessageQ] ProcessNewMessage: [XTWiFi-PE] unknown deliver target [OS-Agent]
03-28 10:57:54.965: E/QCALOG(461): [MessageQ] ProcessNewMessage: [XTWWAN-PE] unknown deliver target [OS-Agent]
03-28 10:57:54.965: E/QCALOG(461): [MessageQ] ProcessNewMessage: [XT-CS] unknown deliver target [OS-Agent]
03-28 10:57:54.965: E/QCALOG(461): [MessageQ] ProcessNewMessage: [XTWiFi-PE] unknown deliver target [OS-Agent]
03-28 10:57:59.965: E/QCALOG(461): [MessageQ] ProcessNewMessage: [XTWWAN-PE] unknown deliver target [OS-Agent]
03-28 10:57:59.965: E/QCALOG(461): [MessageQ] ProcessNewMessage: [XT-CS] unknown deliver target [OS-Agent]
03-28 10:57:59.965: E/QCALOG(461): [MessageQ] ProcessNewMessage: [XTWiFi-PE] unknown deliver target [OS-Agent]
03-28 10:58:00.455: E/MSF.D.MonitorSocket(21179): socket error!
03-28 10:58:00.455: E/MSF.D.MonitorSocket(21179): java.net.SocketException: Socket closed
03-28 10:58:00.455: E/MSF.D.MonitorSocket(21179): 	at libcore.io.Posix.recvfromBytes(Native Method)
03-28 10:58:00.455: E/MSF.D.MonitorSocket(21179): 	at libcore.io.Posix.recvfrom(Posix.java:140)
03-28 10:58:00.455: E/MSF.D.MonitorSocket(21179): 	at libcore.io.BlockGuardOs.recvfrom(BlockGuardOs.java:164)
03-28 10:58:00.455: E/MSF.D.MonitorSocket(21179): 	at libcore.io.IoBridge.recvfrom(IoBridge.java:506)
03-28 10:58:00.455: E/MSF.D.MonitorSocket(21179): 	at java.net.PlainSocketImpl.read(PlainSocketImpl.java:489)
03-28 10:58:00.455: E/MSF.D.MonitorSocket(21179): 	at java.net.PlainSocketImpl.access$000(PlainSocketImpl.java:46)
03-28 10:58:00.455: E/MSF.D.MonitorSocket(21179): 	at java.net.PlainSocketImpl$PlainSocketInputStream.read(PlainSocketImpl.java:241)
03-28 10:58:00.455: E/MSF.D.MonitorSocket(21179): 	at com.tencent.mobileqq.msf.sdk.utils.MonitorSocketInputStream.read(MonitorSocketInputStream.java:55)
03-28 10:58:00.455: E/MSF.D.MonitorSocket(21179): 	at com.tencent.qphone.base.util.MsfSocketInputBuffer.fillBuffer(MsfSocketInputBuffer.java:135)
03-28 10:58:00.455: E/MSF.D.MonitorSocket(21179): 	at com.tencent.qphone.base.util.MsfSocketInputBuffer.isDataAvailable(MsfSocketInputBuffer.java:74)
03-28 10:58:00.455: E/MSF.D.MonitorSocket(21179): 	at com.tencent.mobileqq.msf.core.net.g$a.run(SocketEngine.java:382)
03-28 10:58:01.965: E/ActivityThread(21145): Failed to find provider info for com.android.badge
03-28 10:58:02.025: E/ActivityThread(21145): Failed to find provider info for com.android.badge
03-28 10:58:02.025: E/ActivityThread(21145): Failed to find provider info for com.android.badge
03-28 10:58:04.965: E/QCALOG(461): [MessageQ] ProcessNewMessage: [XTWWAN-PE] unknown deliver target [OS-Agent]
03-28 10:58:04.965: E/QCALOG(461): [MessageQ] ProcessNewMessage: [XT-CS] unknown deliver target [OS-Agent]
03-28 10:58:04.965: E/QCALOG(461): [MessageQ] ProcessNewMessage: [XTWiFi-PE] unknown deliver target [OS-Agent]
03-28 10:58:09.965: E/QCALOG(461): [MessageQ] ProcessNewMessage: [XTWWAN-PE] unknown deliver target [OS-Agent]
03-28 10:58:09.965: E/QCALOG(461): [MessageQ] ProcessNewMessage: [XT-CS] unknown deliver target [OS-Agent]
03-28 10:58:09.965: E/QCALOG(461): [MessageQ] ProcessNewMessage: [XTWiFi-PE] unknown deliver target [OS-Agent]
03-28 10:58:14.965: E/QCALOG(461): [MessageQ] ProcessNewMessage: [XTWWAN-PE] unknown deliver target [OS-Agent]
03-28 10:58:14.965: E/QCALOG(461): [MessageQ] ProcessNewMessage: [XT-CS] unknown deliver target [OS-Agent]
03-28 10:58:14.965: E/QCALOG(461): [MessageQ] ProcessNewMessage: [XTWiFi-PE] unknown deliver target [OS-Agent]
03-28 10:58:19.965: E/QCALOG(461): [MessageQ] ProcessNewMessage: [XTWWAN-PE] unknown deliver target [OS-Agent]
03-28 10:58:19.965: E/QCALOG(461): [MessageQ] ProcessNewMessage: [XT-CS] unknown deliver target [OS-Agent]
03-28 10:58:19.965: E/QCALOG(461): [MessageQ] ProcessNewMessage: [XTWiFi-PE] unknown deliver target [OS-Agent]
03-28 10:58:24.975: E/QCALOG(461): [MessageQ] ProcessNewMessage: [XTWWAN-PE] unknown deliver target [OS-Agent]
03-28 10:58:24.975: E/QCALOG(461): [MessageQ] ProcessNewMessage: [XT-CS] unknown deliver target [OS-Agent]
03-28 10:58:24.975: E/QCALOG(461): [MessageQ] ProcessNewMessage: [XTWiFi-PE] unknown deliver target [OS-Agent]
03-28 10:58:29.965: E/QCALOG(461): [MessageQ] ProcessNewMessage: [XTWWAN-PE] unknown deliver target [OS-Agent]
03-28 10:58:29.965: E/QCALOG(461): [MessageQ] ProcessNewMessage: [XT-CS] unknown deliver target [OS-Agent]
03-28 10:58:29.965: E/QCALOG(461): [MessageQ] ProcessNewMessage: [XTWiFi-PE] unknown deliver target [OS-Agent]
03-28 10:58:34.965: E/QCALOG(461): [MessageQ] ProcessNewMessage: [XTWWAN-PE] unknown deliver target [OS-Agent]
03-28 10:58:34.965: E/QCALOG(461): [MessageQ] ProcessNewMessage: [XT-CS] unknown deliver target [OS-Agent]
03-28 10:58:34.965: E/QCALOG(461): [MessageQ] ProcessNewMessage: [XTWiFi-PE] unknown deliver target [OS-Agent]
03-28 10:58:39.975: E/QCALOG(461): [MessageQ] ProcessNewMessage: [XTWWAN-PE] unknown deliver target [OS-Agent]
03-28 10:58:39.975: E/QCALOG(461): [MessageQ] ProcessNewMessage: [XT-CS] unknown deliver target [OS-Agent]
03-28 10:58:39.975: E/QCALOG(461): [MessageQ] ProcessNewMessage: [XTWiFi-PE] unknown deliver target [OS-Agent]
03-28 10:58:41.385: E/QCALOG(461): [MessageQ] ProcessNewMessage: [LOWI-SERVER] unknown deliver target [OS-Agent]
03-28 10:58:44.975: E/QCALOG(461): [MessageQ] ProcessNewMessage: [XTWWAN-PE] unknown deliver target [OS-Agent]
03-28 10:58:44.975: E/QCALOG(461): [MessageQ] ProcessNewMessage: [XT-CS] unknown deliver target [OS-Agent]
03-28 10:58:44.975: E/QCALOG(461): [MessageQ] ProcessNewMessage: [XTWiFi-PE] unknown deliver target [OS-Agent]
03-28 10:58:49.975: E/QCALOG(461): [MessageQ] ProcessNewMessage: [XTWWAN-PE] unknown deliver target [OS-Agent]
03-28 10:58:49.975: E/QCALOG(461): [MessageQ] ProcessNewMessage: [XT-CS] unknown deliver target [OS-Agent]
03-28 10:58:49.975: E/QCALOG(461): [MessageQ] ProcessNewMessage: [XTWiFi-PE] unknown deliver target [OS-Agent]
03-28 10:58:54.975: E/QCALOG(461): [MessageQ] ProcessNewMessage: [XTWWAN-PE] unknown deliver target [OS-Agent]
03-28 10:58:54.975: E/QCALOG(461): [MessageQ] ProcessNewMessage: [XT-CS] unknown deliver target [OS-Agent]
03-28 10:58:54.975: E/QCALOG(461): [MessageQ] ProcessNewMessage: [XTWiFi-PE] unknown deliver target [OS-Agent]
03-28 10:58:59.975: E/QCALOG(461): [MessageQ] ProcessNewMessage: [XTWWAN-PE] unknown deliver target [OS-Agent]
03-28 10:58:59.975: E/QCALOG(461): [MessageQ] ProcessNewMessage: [XT-CS] unknown deliver target [OS-Agent]
03-28 10:58:59.975: E/QCALOG(461): [MessageQ] ProcessNewMessage: [XTWiFi-PE] unknown deliver target [OS-Agent]
03-28 10:59:04.975: E/QCALOG(461): [MessageQ] ProcessNewMessage: [XTWWAN-PE] unknown deliver target [OS-Agent]
03-28 10:59:04.975: E/QCALOG(461): [MessageQ] ProcessNewMessage: [XT-CS] unknown deliver target [OS-Agent]
03-28 10:59:04.975: E/QCALOG(461): [MessageQ] ProcessNewMessage: [XTWiFi-PE] unknown deliver target [OS-Agent]
03-28 10:59:09.975: E/QCALOG(461): [MessageQ] ProcessNewMessage: [XTWWAN-PE] unknown deliver target [OS-Agent]
03-28 10:59:09.975: E/QCALOG(461): [MessageQ] ProcessNewMessage: [XT-CS] unknown deliver target [OS-Agent]
03-28 10:59:09.975: E/QCALOG(461): [MessageQ] ProcessNewMessage: [XTWiFi-PE] unknown deliver target [OS-Agent]
03-28 10:59:14.975: E/QCALOG(461): [MessageQ] ProcessNewMessage: [XTWWAN-PE] unknown deliver target [OS-Agent]
03-28 10:59:14.975: E/QCALOG(461): [MessageQ] ProcessNewMessage: [XT-CS] unknown deliver target [OS-Agent]
03-28 10:59:14.975: E/QCALOG(461): [MessageQ] ProcessNewMessage: [XTWiFi-PE] unknown deliver target [OS-Agent]
03-28 10:59:19.975: E/QCALOG(461): [MessageQ] ProcessNewMessage: [XTWWAN-PE] unknown deliver target [OS-Agent]
03-28 10:59:19.975: E/QCALOG(461): [MessageQ] ProcessNewMessage: [XT-CS] unknown deliver target [OS-Agent]
03-28 10:59:19.975: E/QCALOG(461): [MessageQ] ProcessNewMessage: [XTWiFi-PE] unknown deliver target [OS-Agent]
03-28 10:59:24.975: E/QCALOG(461): [MessageQ] ProcessNewMessage: [XTWWAN-PE] unknown deliver target [OS-Agent]
03-28 10:59:24.975: E/QCALOG(461): [MessageQ] ProcessNewMessage: [XT-CS] unknown deliver target [OS-Agent]
03-28 10:59:24.975: E/QCALOG(461): [MessageQ] ProcessNewMessage: [XTWiFi-PE] unknown deliver target [OS-Agent]
03-28 10:59:29.965: E/QCALOG(461): [MessageQ] ProcessNewMessage: [XTWWAN-PE] unknown deliver target [OS-Agent]
03-28 10:59:29.965: E/QCALOG(461): [MessageQ] ProcessNewMessage: [XT-CS] unknown deliver target [OS-Agent]
03-28 10:59:29.965: E/QCALOG(461): [MessageQ] ProcessNewMessage: [XTWiFi-PE] unknown deliver target [OS-Agent]
03-28 10:59:34.975: E/QCALOG(461): [MessageQ] ProcessNewMessage: [XTWWAN-PE] unknown deliver target [OS-Agent]
03-28 10:59:34.975: E/QCALOG(461): [MessageQ] ProcessNewMessage: [XT-CS] unknown deliver target [OS-Agent]
03-28 10:59:34.975: E/QCALOG(461): [MessageQ] ProcessNewMessage: [XTWiFi-PE] unknown deliver target [OS-Agent]
03-28 10:59:39.975: E/QCALOG(461): [MessageQ] ProcessNewMessage: [XTWWAN-PE] unknown deliver target [OS-Agent]
03-28 10:59:39.975: E/QCALOG(461): [MessageQ] ProcessNewMessage: [XT-CS] unknown deliver target [OS-Agent]
03-28 10:59:39.975: E/QCALOG(461): [MessageQ] ProcessNewMessage: [XTWiFi-PE] unknown deliver target [OS-Agent]
03-28 10:59:41.385: E/QCALOG(461): [MessageQ] ProcessNewMessage: [LOWI-SERVER] unknown deliver target [OS-Agent]
03-28 10:59:44.975: E/QCALOG(461): [MessageQ] ProcessNewMessage: [XTWWAN-PE] unknown deliver target [OS-Agent]
03-28 10:59:44.975: E/QCALOG(461): [MessageQ] ProcessNewMessage: [XT-CS] unknown deliver target [OS-Agent]
03-28 10:59:44.975: E/QCALOG(461): [MessageQ] ProcessNewMessage: [XTWiFi-PE] unknown deliver target [OS-Agent]
03-28 10:59:49.975: E/QCALOG(461): [MessageQ] ProcessNewMessage: [XTWWAN-PE] unknown deliver target [OS-Agent]
03-28 10:59:49.975: E/QCALOG(461): [MessageQ] ProcessNewMessage: [XT-CS] unknown deliver target [OS-Agent]
03-28 10:59:49.975: E/QCALOG(461): [MessageQ] ProcessNewMessage: [XTWiFi-PE] unknown deliver target [OS-Agent]
03-28 10:59:54.975: E/QCALOG(461): [MessageQ] ProcessNewMessage: [XTWWAN-PE] unknown deliver target [OS-Agent]
03-28 10:59:54.975: E/QCALOG(461): [MessageQ] ProcessNewMessage: [XT-CS] unknown deliver target [OS-Agent]
03-28 10:59:54.975: E/QCALOG(461): [MessageQ] ProcessNewMessage: [XTWiFi-PE] unknown deliver target [OS-Agent]
03-28 10:59:59.975: E/QCALOG(461): [MessageQ] ProcessNewMessage: [XTWWAN-PE] unknown deliver target [OS-Agent]
03-28 10:59:59.975: E/QCALOG(461): [MessageQ] ProcessNewMessage: [XT-CS] unknown deliver target [OS-Agent]
03-28 10:59:59.975: E/QCALOG(461): [MessageQ] ProcessNewMessage: [XTWiFi-PE] unknown deliver target [OS-Agent]
03-28 11:00:04.975: E/QCALOG(461): [MessageQ] ProcessNewMessage: [XTWWAN-PE] unknown deliver target [OS-Agent]
03-28 11:00:04.975: E/QCALOG(461): [MessageQ] ProcessNewMessage: [XT-CS] unknown deliver target [OS-Agent]
03-28 11:00:04.975: E/QCALOG(461): [MessageQ] ProcessNewMessage: [XTWiFi-PE] unknown deliver target [OS-Agent]
03-28 11:00:09.975: E/QCALOG(461): [MessageQ] ProcessNewMessage: [XTWWAN-PE] unknown deliver target [OS-Agent]
03-28 11:00:09.975: E/QCALOG(461): [MessageQ] ProcessNewMessage: [XT-CS] unknown deliver target [OS-Agent]
03-28 11:00:09.975: E/QCALOG(461): [MessageQ] ProcessNewMessage: [XTWiFi-PE] unknown deliver target [OS-Agent]
03-28 11:00:14.975: E/QCALOG(461): [MessageQ] ProcessNewMessage: [XTWWAN-PE] unknown deliver target [OS-Agent]
03-28 11:00:14.975: E/QCALOG(461): [MessageQ] ProcessNewMessage: [XT-CS] unknown deliver target [OS-Agent]
03-28 11:00:14.975: E/QCALOG(461): [MessageQ] ProcessNewMessage: [XTWiFi-PE] unknown deliver target [OS-Agent]
03-28 11:00:19.975: E/QCALOG(461): [MessageQ] ProcessNewMessage: [XTWWAN-PE] unknown deliver target [OS-Agent]
03-28 11:00:19.975: E/QCALOG(461): [MessageQ] ProcessNewMessage: [XT-CS] unknown deliver target [OS-Agent]
03-28 11:00:19.975: E/QCALOG(461): [MessageQ] ProcessNewMessage: [XTWiFi-PE] unknown deliver target [OS-Agent]
03-28 11:00:24.975: E/QCALOG(461): [MessageQ] ProcessNewMessage: [XTWWAN-PE] unknown deliver target [OS-Agent]
03-28 11:00:24.975: E/QCALOG(461): [MessageQ] ProcessNewMessage: [XT-CS] unknown deliver target [OS-Agent]
03-28 11:00:24.975: E/QCALOG(461): [MessageQ] ProcessNewMessage: [XTWiFi-PE] unknown deliver target [OS-Agent]
03-28 11:00:29.965: E/QCALOG(461): [MessageQ] ProcessNewMessage: [XTWWAN-PE] unknown deliver target [OS-Agent]
03-28 11:00:29.975: E/QCALOG(461): [MessageQ] ProcessNewMessage: [XT-CS] unknown deliver target [OS-Agent]
03-28 11:00:29.975: E/QCALOG(461): [MessageQ] ProcessNewMessage: [XTWiFi-PE] unknown deliver target [OS-Agent]
03-28 11:00:34.965: E/QCALOG(461): [MessageQ] ProcessNewMessage: [XTWWAN-PE] unknown deliver target [OS-Agent]
03-28 11:00:34.975: E/QCALOG(461): [MessageQ] ProcessNewMessage: [XT-CS] unknown deliver target [OS-Agent]
03-28 11:00:34.975: E/QCALOG(461): [MessageQ] ProcessNewMessage: [XTWiFi-PE] unknown deliver target [OS-Agent]
03-28 11:00:39.965: E/QCALOG(461): [MessageQ] ProcessNewMessage: [XTWWAN-PE] unknown deliver target [OS-Agent]
03-28 11:00:39.975: E/QCALOG(461): [MessageQ] ProcessNewMessage: [XT-CS] unknown deliver target [OS-Agent]
03-28 11:00:39.975: E/QCALOG(461): [MessageQ] ProcessNewMessage: [XTWiFi-PE] unknown deliver target [OS-Agent]
03-28 11:00:41.385: E/QCALOG(461): [MessageQ] ProcessNewMessage: [LOWI-SERVER] unknown deliver target [OS-Agent]
03-28 11:00:44.975: E/QCALOG(461): [MessageQ] ProcessNewMessage: [XTWWAN-PE] unknown deliver target [OS-Agent]
03-28 11:00:44.975: E/QCALOG(461): [MessageQ] ProcessNewMessage: [XT-CS] unknown deliver target [OS-Agent]
03-28 11:00:44.975: E/QCALOG(461): [MessageQ] ProcessNewMessage: [XTWiFi-PE] unknown deliver target [OS-Agent]
03-28 11:00:49.975: E/QCALOG(461): [MessageQ] ProcessNewMessage: [XTWWAN-PE] unknown deliver target [OS-Agent]
03-28 11:00:49.975: E/QCALOG(461): [MessageQ] ProcessNewMessage: [XT-CS] unknown deliver target [OS-Agent]
03-28 11:00:49.975: E/QCALOG(461): [MessageQ] ProcessNewMessage: [XTWiFi-PE] unknown deliver target [OS-Agent]
03-28 11:00:54.975: E/QCALOG(461): [MessageQ] ProcessNewMessage: [XTWWAN-PE] unknown deliver target [OS-Agent]
03-28 11:00:54.975: E/QCALOG(461): [MessageQ] ProcessNewMessage: [XT-CS] unknown deliver target [OS-Agent]
03-28 11:00:54.975: E/QCALOG(461): [MessageQ] ProcessNewMessage: [XTWiFi-PE] unknown deliver target [OS-Agent]
03-28 11:00:59.975: E/QCALOG(461): [MessageQ] ProcessNewMessage: [XTWWAN-PE] unknown deliver target [OS-Agent]
03-28 11:00:59.975: E/QCALOG(461): [MessageQ] ProcessNewMessage: [XT-CS] unknown deliver target [OS-Agent]
03-28 11:00:59.975: E/QCALOG(461): [MessageQ] ProcessNewMessage: [XTWiFi-PE] unknown deliver target [OS-Agent]
03-28 11:01:04.975: E/QCALOG(461): [MessageQ] ProcessNewMessage: [XTWWAN-PE] unknown deliver target [OS-Agent]
03-28 11:01:04.975: E/QCALOG(461): [MessageQ] ProcessNewMessage: [XT-CS] unknown deliver target [OS-Agent]
03-28 11:01:04.975: E/QCALOG(461): [MessageQ] ProcessNewMessage: [XTWiFi-PE] unknown deliver target [OS-Agent]
03-28 11:01:09.985: E/QCALOG(461): [MessageQ] ProcessNewMessage: [XTWWAN-PE] unknown deliver target [OS-Agent]
03-28 11:01:09.985: E/QCALOG(461): [MessageQ] ProcessNewMessage: [XT-CS] unknown deliver target [OS-Agent]
03-28 11:01:09.985: E/QCALOG(461): [MessageQ] ProcessNewMessage: [XTWiFi-PE] unknown deliver target [OS-Agent]
03-28 11:01:14.985: E/QCALOG(461): [MessageQ] ProcessNewMessage: [XTWWAN-PE] unknown deliver target [OS-Agent]
03-28 11:01:14.985: E/QCALOG(461): [MessageQ] ProcessNewMessage: [XT-CS] unknown deliver target [OS-Agent]
03-28 11:01:14.985: E/QCALOG(461): [MessageQ] ProcessNewMessage: [XTWiFi-PE] unknown deliver target [OS-Agent]
03-28 11:01:19.975: E/QCALOG(461): [MessageQ] ProcessNewMessage: [XTWWAN-PE] unknown deliver target [OS-Agent]
03-28 11:01:19.975: E/QCALOG(461): [MessageQ] ProcessNewMessage: [XT-CS] unknown deliver target [OS-Agent]
03-28 11:01:19.975: E/QCALOG(461): [MessageQ] ProcessNewMessage: [XTWiFi-PE] unknown deliver target [OS-Agent]
03-28 11:01:24.985: E/QCALOG(461): [MessageQ] ProcessNewMessage: [XTWWAN-PE] unknown deliver target [OS-Agent]
03-28 11:01:24.985: E/QCALOG(461): [MessageQ] ProcessNewMessage: [XT-CS] unknown deliver target [OS-Agent]
03-28 11:01:24.985: E/QCALOG(461): [MessageQ] ProcessNewMessage: [XTWiFi-PE] unknown deliver target [OS-Agent]
03-28 11:01:29.975: E/QCALOG(461): [MessageQ] ProcessNewMessage: [XTWWAN-PE] unknown deliver target [OS-Agent]
03-28 11:01:29.975: E/QCALOG(461): [MessageQ] ProcessNewMessage: [XT-CS] unknown deliver target [OS-Agent]
03-28 11:01:29.975: E/QCALOG(461): [MessageQ] ProcessNewMessage: [XTWiFi-PE] unknown deliver target [OS-Agent]
03-28 11:01:34.975: E/QCALOG(461): [MessageQ] ProcessNewMessage: [XTWWAN-PE] unknown deliver target [OS-Agent]
03-28 11:01:34.975: E/QCALOG(461): [MessageQ] ProcessNewMessage: [XT-CS] unknown deliver target [OS-Agent]
03-28 11:01:34.975: E/QCALOG(461): [MessageQ] ProcessNewMessage: [XTWiFi-PE] unknown deliver target [OS-Agent]
03-28 11:01:39.985: E/QCALOG(461): [MessageQ] ProcessNewMessage: [XTWWAN-PE] unknown deliver target [OS-Agent]
03-28 11:01:39.985: E/QCALOG(461): [MessageQ] ProcessNewMessage: [XT-CS] unknown deliver target [OS-Agent]
03-28 11:01:39.985: E/QCALOG(461): [MessageQ] ProcessNewMessage: [XTWiFi-PE] unknown deliver target [OS-Agent]
03-28 11:01:41.385: E/QCALOG(461): [MessageQ] ProcessNewMessage: [LOWI-SERVER] unknown deliver target [OS-Agent]
03-28 11:01:44.985: E/QCALOG(461): [MessageQ] ProcessNewMessage: [XTWWAN-PE] unknown deliver target [OS-Agent]
03-28 11:01:44.985: E/QCALOG(461): [MessageQ] ProcessNewMessage: [XT-CS] unknown deliver target [OS-Agent]
03-28 11:01:44.985: E/QCALOG(461): [MessageQ] ProcessNewMessage: [XTWiFi-PE] unknown deliver target [OS-Agent]
03-28 11:01:49.985: E/QCALOG(461): [MessageQ] ProcessNewMessage: [XTWWAN-PE] unknown deliver target [OS-Agent]
03-28 11:01:49.985: E/QCALOG(461): [MessageQ] ProcessNewMessage: [XT-CS] unknown deliver target [OS-Agent]
03-28 11:01:49.985: E/QCALOG(461): [MessageQ] ProcessNewMessage: [XTWiFi-PE] unknown deliver target [OS-Agent]
03-28 11:01:54.985: E/QCALOG(461): [MessageQ] ProcessNewMessage: [XTWWAN-PE] unknown deliver target [OS-Agent]
03-28 11:01:54.985: E/QCALOG(461): [MessageQ] ProcessNewMessage: [XT-CS] unknown deliver target [OS-Agent]
03-28 11:01:54.985: E/QCALOG(461): [MessageQ] ProcessNewMessage: [XTWiFi-PE] unknown deliver target [OS-Agent]
03-28 11:01:59.985: E/QCALOG(461): [MessageQ] ProcessNewMessage: [XTWWAN-PE] unknown deliver target [OS-Agent]
03-28 11:01:59.985: E/QCALOG(461): [MessageQ] ProcessNewMessage: [XT-CS] unknown deliver target [OS-Agent]
03-28 11:01:59.985: E/QCALOG(461): [MessageQ] ProcessNewMessage: [XTWiFi-PE] unknown deliver target [OS-Agent]
03-28 11:02:04.985: E/QCALOG(461): [MessageQ] ProcessNewMessage: [XTWWAN-PE] unknown deliver target [OS-Agent]
03-28 11:02:04.985: E/QCALOG(461): [MessageQ] ProcessNewMessage: [XT-CS] unknown deliver target [OS-Agent]
03-28 11:02:04.985: E/QCALOG(461): [MessageQ] ProcessNewMessage: [XTWiFi-PE] unknown deliver target [OS-Agent]
03-28 11:02:09.985: E/QCALOG(461): [MessageQ] ProcessNewMessage: [XTWWAN-PE] unknown deliver target [OS-Agent]
03-28 11:02:09.985: E/QCALOG(461): [MessageQ] ProcessNewMessage: [XT-CS] unknown deliver target [OS-Agent]
03-28 11:02:09.985: E/QCALOG(461): [MessageQ] ProcessNewMessage: [XTWiFi-PE] unknown deliver target [OS-Agent]
03-28 11:02:14.985: E/QCALOG(461): [MessageQ] ProcessNewMessage: [XTWWAN-PE] unknown deliver target [OS-Agent]
03-28 11:02:14.985: E/QCALOG(461): [MessageQ] ProcessNewMessage: [XT-CS] unknown deliver target [OS-Agent]
03-28 11:02:14.985: E/QCALOG(461): [MessageQ] ProcessNewMessage: [XTWiFi-PE] unknown deliver target [OS-Agent]
03-28 11:02:19.985: E/QCALOG(461): [MessageQ] ProcessNewMessage: [XTWWAN-PE] unknown deliver target [OS-Agent]
03-28 11:02:19.985: E/QCALOG(461): [MessageQ] ProcessNewMessage: [XT-CS] unknown deliver target [OS-Agent]
03-28 11:02:19.985: E/QCALOG(461): [MessageQ] ProcessNewMessage: [XTWiFi-PE] unknown deliver target [OS-Agent]
03-28 11:02:24.985: E/QCALOG(461): [MessageQ] ProcessNewMessage: [XTWWAN-PE] unknown deliver target [OS-Agent]
03-28 11:02:24.985: E/QCALOG(461): [MessageQ] ProcessNewMessage: [XT-CS] unknown deliver target [OS-Agent]
03-28 11:02:24.985: E/QCALOG(461): [MessageQ] ProcessNewMessage: [XTWiFi-PE] unknown deliver target [OS-Agent]
03-28 11:02:29.975: E/QCALOG(461): [MessageQ] ProcessNewMessage: [XTWWAN-PE] unknown deliver target [OS-Agent]
03-28 11:02:29.975: E/QCALOG(461): [MessageQ] ProcessNewMessage: [XT-CS] unknown deliver target [OS-Agent]
03-28 11:02:29.985: E/QCALOG(461): [MessageQ] ProcessNewMessage: [XTWiFi-PE] unknown deliver target [OS-Agent]
03-28 11:02:34.975: E/QCALOG(461): [MessageQ] ProcessNewMessage: [XTWWAN-PE] unknown deliver target [OS-Agent]
03-28 11:02:34.975: E/QCALOG(461): [MessageQ] ProcessNewMessage: [XT-CS] unknown deliver target [OS-Agent]
03-28 11:02:34.985: E/QCALOG(461): [MessageQ] ProcessNewMessage: [XTWiFi-PE] unknown deliver target [OS-Agent]
03-28 11:02:39.985: E/QCALOG(461): [MessageQ] ProcessNewMessage: [XTWWAN-PE] unknown deliver target [OS-Agent]
03-28 11:02:39.985: E/QCALOG(461): [MessageQ] ProcessNewMessage: [XT-CS] unknown deliver target [OS-Agent]
03-28 11:02:39.985: E/QCALOG(461): [MessageQ] ProcessNewMessage: [XTWiFi-PE] unknown deliver target [OS-Agent]
03-28 11:02:41.385: E/QCALOG(461): [MessageQ] ProcessNewMessage: [LOWI-SERVER] unknown deliver target [OS-Agent]
03-28 11:02:44.985: E/QCALOG(461): [MessageQ] ProcessNewMessage: [XTWWAN-PE] unknown deliver target [OS-Agent]
03-28 11:02:44.985: E/QCALOG(461): [MessageQ] ProcessNewMessage: [XT-CS] unknown deliver target [OS-Agent]
03-28 11:02:44.985: E/QCALOG(461): [MessageQ] ProcessNewMessage: [XTWiFi-PE] unknown deliver target [OS-Agent]
03-28 11:02:49.985: E/QCALOG(461): [MessageQ] ProcessNewMessage: [XTWWAN-PE] unknown deliver target [OS-Agent]
03-28 11:02:49.985: E/QCALOG(461): [MessageQ] ProcessNewMessage: [XT-CS] unknown deliver target [OS-Agent]
03-28 11:02:49.985: E/QCALOG(461): [MessageQ] ProcessNewMessage: [XTWiFi-PE] unknown deliver target [OS-Agent]
03-28 11:02:54.985: E/QCALOG(461): [MessageQ] ProcessNewMessage: [XTWWAN-PE] unknown deliver target [OS-Agent]
03-28 11:02:54.985: E/QCALOG(461): [MessageQ] ProcessNewMessage: [XT-CS] unknown deliver target [OS-Agent]
03-28 11:02:54.995: E/QCALOG(461): [MessageQ] ProcessNewMessage: [XTWiFi-PE] unknown deliver target [OS-Agent]
03-28 11:02:59.985: E/QCALOG(461): [MessageQ] ProcessNewMessage: [XTWWAN-PE] unknown deliver target [OS-Agent]
03-28 11:02:59.985: E/QCALOG(461): [MessageQ] ProcessNewMessage: [XTWiFi-PE] unknown deliver target [OS-Agent]
03-28 11:02:59.985: E/QCALOG(461): [MessageQ] ProcessNewMessage: [XT-CS] unknown deliver target [OS-Agent]
03-28 11:03:04.985: E/QCALOG(461): [MessageQ] ProcessNewMessage: [XTWWAN-PE] unknown deliver target [OS-Agent]
03-28 11:03:04.985: E/QCALOG(461): [MessageQ] ProcessNewMessage: [XT-CS] unknown deliver target [OS-Agent]
03-28 11:03:04.985: E/QCALOG(461): [MessageQ] ProcessNewMessage: [XTWiFi-PE] unknown deliver target [OS-Agent]
03-28 11:03:09.985: E/QCALOG(461): [MessageQ] ProcessNewMessage: [XTWWAN-PE] unknown deliver target [OS-Agent]
03-28 11:03:09.985: E/QCALOG(461): [MessageQ] ProcessNewMessage: [XT-CS] unknown deliver target [OS-Agent]
03-28 11:03:09.985: E/QCALOG(461): [MessageQ] ProcessNewMessage: [XTWiFi-PE] unknown deliver target [OS-Agent]
03-28 11:03:14.985: E/QCALOG(461): [MessageQ] ProcessNewMessage: [XTWWAN-PE] unknown deliver target [OS-Agent]
03-28 11:03:14.985: E/QCALOG(461): [MessageQ] ProcessNewMessage: [XT-CS] unknown deliver target [OS-Agent]
03-28 11:03:14.985: E/QCALOG(461): [MessageQ] ProcessNewMessage: [XTWiFi-PE] unknown deliver target [OS-Agent]
03-28 11:03:19.985: E/QCALOG(461): [MessageQ] ProcessNewMessage: [XTWWAN-PE] unknown deliver target [OS-Agent]
03-28 11:03:19.985: E/QCALOG(461): [MessageQ] ProcessNewMessage: [XT-CS] unknown deliver target [OS-Agent]
03-28 11:03:19.985: E/QCALOG(461): [MessageQ] ProcessNewMessage: [XTWiFi-PE] unknown deliver target [OS-Agent]
03-28 11:03:24.985: E/QCALOG(461): [MessageQ] ProcessNewMessage: [XTWWAN-PE] unknown deliver target [OS-Agent]
03-28 11:03:24.985: E/QCALOG(461): [MessageQ] ProcessNewMessage: [XT-CS] unknown deliver target [OS-Agent]
03-28 11:03:24.985: E/QCALOG(461): [MessageQ] ProcessNewMessage: [XTWiFi-PE] unknown deliver target [OS-Agent]
03-28 11:03:29.985: E/QCALOG(461): [MessageQ] ProcessNewMessage: [XTWWAN-PE] unknown deliver target [OS-Agent]
03-28 11:03:29.985: E/QCALOG(461): [MessageQ] ProcessNewMessage: [XT-CS] unknown deliver target [OS-Agent]
03-28 11:03:29.985: E/QCALOG(461): [MessageQ] ProcessNewMessage: [XTWiFi-PE] unknown deliver target [OS-Agent]
03-28 11:03:34.985: E/QCALOG(461): [MessageQ] ProcessNewMessage: [XTWWAN-PE] unknown deliver target [OS-Agent]
03-28 11:03:34.985: E/QCALOG(461): [MessageQ] ProcessNewMessage: [XT-CS] unknown deliver target [OS-Agent]
03-28 11:03:34.985: E/QCALOG(461): [MessageQ] ProcessNewMessage: [XTWiFi-PE] unknown deliver target [OS-Agent]
03-28 11:03:39.985: E/QCALOG(461): [MessageQ] ProcessNewMessage: [XTWWAN-PE] unknown deliver target [OS-Agent]
03-28 11:03:39.985: E/QCALOG(461): [MessageQ] ProcessNewMessage: [XT-CS] unknown deliver target [OS-Agent]
03-28 11:03:39.985: E/QCALOG(461): [MessageQ] ProcessNewMessage: [XTWiFi-PE] unknown deliver target [OS-Agent]
03-28 11:03:41.385: E/QCALOG(461): [MessageQ] ProcessNewMessage: [LOWI-SERVER] unknown deliver target [OS-Agent]
03-28 11:03:44.985: E/QCALOG(461): [MessageQ] ProcessNewMessage: [XTWWAN-PE] unknown deliver target [OS-Agent]
03-28 11:03:44.985: E/QCALOG(461): [MessageQ] ProcessNewMessage: [XT-CS] unknown deliver target [OS-Agent]
03-28 11:03:44.985: E/QCALOG(461): [MessageQ] ProcessNewMessage: [XTWiFi-PE] unknown deliver target [OS-Agent]
03-28 11:03:49.995: E/QCALOG(461): [MessageQ] ProcessNewMessage: [XTWWAN-PE] unknown deliver target [OS-Agent]
03-28 11:03:49.995: E/QCALOG(461): [MessageQ] ProcessNewMessage: [XT-CS] unknown deliver target [OS-Agent]
03-28 11:03:49.995: E/QCALOG(461): [MessageQ] ProcessNewMessage: [XTWiFi-PE] unknown deliver target [OS-Agent]
03-28 11:03:54.995: E/QCALOG(461): [MessageQ] ProcessNewMessage: [XTWWAN-PE] unknown deliver target [OS-Agent]
03-28 11:03:54.995: E/QCALOG(461): [MessageQ] ProcessNewMessage: [XT-CS] unknown deliver target [OS-Agent]
03-28 11:03:54.995: E/QCALOG(461): [MessageQ] ProcessNewMessage: [XTWiFi-PE] unknown deliver target [OS-Agent]
03-28 11:03:59.995: E/QCALOG(461): [MessageQ] ProcessNewMessage: [XTWWAN-PE] unknown deliver target [OS-Agent]
03-28 11:03:59.995: E/QCALOG(461): [MessageQ] ProcessNewMessage: [XT-CS] unknown deliver target [OS-Agent]
03-28 11:03:59.995: E/QCALOG(461): [MessageQ] ProcessNewMessage: [XTWiFi-PE] unknown deliver target [OS-Agent]
03-28 11:04:04.995: E/QCALOG(461): [MessageQ] ProcessNewMessage: [XTWWAN-PE] unknown deliver target [OS-Agent]
03-28 11:04:04.995: E/QCALOG(461): [MessageQ] ProcessNewMessage: [XT-CS] unknown deliver target [OS-Agent]
03-28 11:04:04.995: E/QCALOG(461): [MessageQ] ProcessNewMessage: [XTWiFi-PE] unknown deliver target [OS-Agent]
03-28 11:04:09.995: E/QCALOG(461): [MessageQ] ProcessNewMessage: [XTWWAN-PE] unknown deliver target [OS-Agent]
03-28 11:04:09.995: E/QCALOG(461): [MessageQ] ProcessNewMessage: [XT-CS] unknown deliver target [OS-Agent]
03-28 11:04:09.995: E/QCALOG(461): [MessageQ] ProcessNewMessage: [XTWiFi-PE] unknown deliver target [OS-Agent]
03-28 11:04:14.985: E/QCALOG(461): [MessageQ] ProcessNewMessage: [XTWWAN-PE] unknown deliver target [OS-Agent]
03-28 11:04:14.985: E/QCALOG(461): [MessageQ] ProcessNewMessage: [XT-CS] unknown deliver target [OS-Agent]
03-28 11:04:14.985: E/QCALOG(461): [MessageQ] ProcessNewMessage: [XTWiFi-PE] unknown deliver target [OS-Agent]
03-28 11:04:19.995: E/QCALOG(461): [MessageQ] ProcessNewMessage: [XTWWAN-PE] unknown deliver target [OS-Agent]
03-28 11:04:19.995: E/QCALOG(461): [MessageQ] ProcessNewMessage: [XT-CS] unknown deliver target [OS-Agent]
03-28 11:04:19.995: E/QCALOG(461): [MessageQ] ProcessNewMessage: [XTWiFi-PE] unknown deliver target [OS-Agent]
03-28 11:04:24.995: E/QCALOG(461): [MessageQ] ProcessNewMessage: [XTWWAN-PE] unknown deliver target [OS-Agent]
03-28 11:04:24.995: E/QCALOG(461): [MessageQ] ProcessNewMessage: [XT-CS] unknown deliver target [OS-Agent]
03-28 11:04:24.995: E/QCALOG(461): [MessageQ] ProcessNewMessage: [XTWiFi-PE] unknown deliver target [OS-Agent]
03-28 11:04:29.985: E/QCALOG(461): [MessageQ] ProcessNewMessage: [XTWWAN-PE] unknown deliver target [OS-Agent]
03-28 11:04:29.985: E/QCALOG(461): [MessageQ] ProcessNewMessage: [XT-CS] unknown deliver target [OS-Agent]
03-28 11:04:29.985: E/QCALOG(461): [MessageQ] ProcessNewMessage: [XTWiFi-PE] unknown deliver target [OS-Agent]
03-28 11:04:34.995: E/QCALOG(461): [MessageQ] ProcessNewMessage: [XTWWAN-PE] unknown deliver target [OS-Agent]
03-28 11:04:34.995: E/QCALOG(461): [MessageQ] ProcessNewMessage: [XT-CS] unknown deliver target [OS-Agent]
03-28 11:04:34.995: E/QCALOG(461): [MessageQ] ProcessNewMessage: [XTWiFi-PE] unknown deliver target [OS-Agent]
03-28 11:04:39.995: E/QCALOG(461): [MessageQ] ProcessNewMessage: [XTWWAN-PE] unknown deliver target [OS-Agent]
03-28 11:04:39.995: E/QCALOG(461): [MessageQ] ProcessNewMessage: [XT-CS] unknown deliver target [OS-Agent]
03-28 11:04:39.995: E/QCALOG(461): [MessageQ] ProcessNewMessage: [XTWiFi-PE] unknown deliver target [OS-Agent]
03-28 11:04:41.385: E/QCALOG(461): [MessageQ] ProcessNewMessage: [LOWI-SERVER] unknown deliver target [OS-Agent]
03-28 11:04:44.995: E/QCALOG(461): [MessageQ] ProcessNewMessage: [XTWWAN-PE] unknown deliver target [OS-Agent]
03-28 11:04:44.995: E/QCALOG(461): [MessageQ] ProcessNewMessage: [XT-CS] unknown deliver target [OS-Agent]
03-28 11:04:44.995: E/QCALOG(461): [MessageQ] ProcessNewMessage: [XTWiFi-PE] unknown deliver target [OS-Agent]
03-28 11:04:49.995: E/QCALOG(461): [MessageQ] ProcessNewMessage: [XTWWAN-PE] unknown deliver target [OS-Agent]
03-28 11:04:49.995: E/QCALOG(461): [MessageQ] ProcessNewMessage: [XT-CS] unknown deliver target [OS-Agent]
03-28 11:04:49.995: E/QCALOG(461): [MessageQ] ProcessNewMessage: [XTWiFi-PE] unknown deliver target [OS-Agent]
03-28 11:04:54.985: E/QCALOG(461): [MessageQ] ProcessNewMessage: [XTWWAN-PE] unknown deliver target [OS-Agent]
03-28 11:04:54.985: E/QCALOG(461): [MessageQ] ProcessNewMessage: [XT-CS] unknown deliver target [OS-Agent]
03-28 11:04:54.985: E/QCALOG(461): [MessageQ] ProcessNewMessage: [XTWiFi-PE] unknown deliver target [OS-Agent]
03-28 11:04:59.995: E/QCALOG(461): [MessageQ] ProcessNewMessage: [XTWWAN-PE] unknown deliver target [OS-Agent]
03-28 11:04:59.995: E/QCALOG(461): [MessageQ] ProcessNewMessage: [XT-CS] unknown deliver target [OS-Agent]
03-28 11:04:59.995: E/QCALOG(461): [MessageQ] ProcessNewMessage: [XTWiFi-PE] unknown deliver target [OS-Agent]
03-28 11:05:00.525: E/Parcel(21179): Reading a NULL string not supported here.
03-28 11:05:00.525: E/Parcel(1381): Reading a NULL string not supported here.
03-28 11:05:04.995: E/QCALOG(461): [MessageQ] ProcessNewMessage: [XTWWAN-PE] unknown deliver target [OS-Agent]
03-28 11:05:04.995: E/QCALOG(461): [MessageQ] ProcessNewMessage: [XT-CS] unknown deliver target [OS-Agent]
03-28 11:05:04.995: E/QCALOG(461): [MessageQ] ProcessNewMessage: [XTWiFi-PE] unknown deliver target [OS-Agent]
03-28 11:05:09.995: E/QCALOG(461): [MessageQ] ProcessNewMessage: [XTWWAN-PE] unknown deliver target [OS-Agent]
03-28 11:05:09.995: E/QCALOG(461): [MessageQ] ProcessNewMessage: [XT-CS] unknown deliver target [OS-Agent]
03-28 11:05:09.995: E/QCALOG(461): [MessageQ] ProcessNewMessage: [XTWiFi-PE] unknown deliver target [OS-Agent]
03-28 11:05:14.685: E/Parcel(15945): Reading a NULL string not supported here.
03-28 11:05:14.685: E/Parcel(1381): Reading a NULL string not supported here.
03-28 11:05:14.995: E/QCALOG(461): [MessageQ] ProcessNewMessage: [XTWWAN-PE] unknown deliver target [OS-Agent]
03-28 11:05:14.995: E/QCALOG(461): [MessageQ] ProcessNewMessage: [XT-CS] unknown deliver target [OS-Agent]
03-28 11:05:14.995: E/QCALOG(461): [MessageQ] ProcessNewMessage: [XTWiFi-PE] unknown deliver target [OS-Agent]
03-28 11:05:19.995: E/QCALOG(461): [MessageQ] ProcessNewMessage: [XTWWAN-PE] unknown deliver target [OS-Agent]
03-28 11:05:19.995: E/QCALOG(461): [MessageQ] ProcessNewMessage: [XT-CS] unknown deliver target [OS-Agent]
03-28 11:05:19.995: E/QCALOG(461): [MessageQ] ProcessNewMessage: [XTWiFi-PE] unknown deliver target [OS-Agent]
03-28 11:05:25.005: E/QCALOG(461): [MessageQ] ProcessNewMessage: [XTWWAN-PE] unknown deliver target [OS-Agent]
03-28 11:05:25.005: E/QCALOG(461): [MessageQ] ProcessNewMessage: [XT-CS] unknown deliver target [OS-Agent]
03-28 11:05:25.005: E/QCALOG(461): [MessageQ] ProcessNewMessage: [XTWiFi-PE] unknown deliver target [OS-Agent]
03-28 11:05:30.445: E/MSF.D.MonitorSocket(21179): socket error!
03-28 11:05:30.445: E/MSF.D.MonitorSocket(21179): java.net.SocketException: Socket closed
03-28 11:05:30.445: E/MSF.D.MonitorSocket(21179): 	at libcore.io.Posix.recvfromBytes(Native Method)
03-28 11:05:30.445: E/MSF.D.MonitorSocket(21179): 	at libcore.io.Posix.recvfrom(Posix.java:140)
03-28 11:05:30.445: E/MSF.D.MonitorSocket(21179): 	at libcore.io.BlockGuardOs.recvfrom(BlockGuardOs.java:164)
03-28 11:05:30.445: E/MSF.D.MonitorSocket(21179): 	at libcore.io.IoBridge.recvfrom(IoBridge.java:506)
03-28 11:05:30.445: E/MSF.D.MonitorSocket(21179): 	at java.net.PlainSocketImpl.read(PlainSocketImpl.java:489)
03-28 11:05:30.445: E/MSF.D.MonitorSocket(21179): 	at java.net.PlainSocketImpl.access$000(PlainSocketImpl.java:46)
03-28 11:05:30.445: E/MSF.D.MonitorSocket(21179): 	at java.net.PlainSocketImpl$PlainSocketInputStream.read(PlainSocketImpl.java:241)
03-28 11:05:30.445: E/MSF.D.MonitorSocket(21179): 	at com.tencent.mobileqq.msf.sdk.utils.MonitorSocketInputStream.read(MonitorSocketInputStream.java:55)
03-28 11:05:30.445: E/MSF.D.MonitorSocket(21179): 	at com.tencent.qphone.base.util.MsfSocketInputBuffer.fillBuffer(MsfSocketInputBuffer.java:135)
03-28 11:05:30.445: E/MSF.D.MonitorSocket(21179): 	at com.tencent.qphone.base.util.MsfSocketInputBuffer.isDataAvailable(MsfSocketInputBuffer.java:74)
03-28 11:05:30.445: E/MSF.D.MonitorSocket(21179): 	at com.tencent.mobileqq.msf.core.net.g$a.run(SocketEngine.java:382)
03-28 11:05:31.685: E/ActivityThread(21145): Failed to find provider info for com.android.badge
03-28 11:05:31.705: E/ActivityThread(21145): Failed to find provider info for com.android.badge
03-28 11:05:31.725: E/ActivityThread(21145): Failed to find provider info for com.android.badge
03-28 11:05:34.285: E/QCALOG(461): [MessageQ] ProcessNewMessage: [XTWWAN-PE] unknown deliver target [OS-Agent]
03-28 11:05:34.285: E/QCALOG(461): [MessageQ] ProcessNewMessage: [XT-CS] unknown deliver target [OS-Agent]
03-28 11:05:34.285: E/QCALOG(461): [MessageQ] ProcessNewMessage: [XTWiFi-PE] unknown deliver target [OS-Agent]
03-28 11:05:39.285: E/QCALOG(461): [MessageQ] ProcessNewMessage: [XTWWAN-PE] unknown deliver target [OS-Agent]
03-28 11:05:39.285: E/QCALOG(461): [MessageQ] ProcessNewMessage: [XT-CS] unknown deliver target [OS-Agent]
03-28 11:05:39.295: E/QCALOG(461): [MessageQ] ProcessNewMessage: [XTWiFi-PE] unknown deliver target [OS-Agent]
03-28 11:05:41.385: E/QCALOG(461): [MessageQ] ProcessNewMessage: [LOWI-SERVER] unknown deliver target [OS-Agent]
03-28 11:05:44.295: E/QCALOG(461): [MessageQ] ProcessNewMessage: [XTWWAN-PE] unknown deliver target [OS-Agent]
03-28 11:05:44.295: E/QCALOG(461): [MessageQ] ProcessNewMessage: [XT-CS] unknown deliver target [OS-Agent]
03-28 11:05:44.295: E/QCALOG(461): [MessageQ] ProcessNewMessage: [XTWiFi-PE] unknown deliver target [OS-Agent]
03-28 11:05:49.295: E/QCALOG(461): [MessageQ] ProcessNewMessage: [XTWWAN-PE] unknown deliver target [OS-Agent]
03-28 11:05:49.295: E/QCALOG(461): [MessageQ] ProcessNewMessage: [XT-CS] unknown deliver target [OS-Agent]
03-28 11:05:49.295: E/QCALOG(461): [MessageQ] ProcessNewMessage: [XTWiFi-PE] unknown deliver target [OS-Agent]
03-28 11:05:54.285: E/QCALOG(461): [MessageQ] ProcessNewMessage: [XTWWAN-PE] unknown deliver target [OS-Agent]
03-28 11:05:54.285: E/QCALOG(461): [MessageQ] ProcessNewMessage: [XT-CS] unknown deliver target [OS-Agent]
03-28 11:05:54.295: E/QCALOG(461): [MessageQ] ProcessNewMessage: [XTWiFi-PE] unknown deliver target [OS-Agent]
03-28 11:05:59.295: E/QCALOG(461): [MessageQ] ProcessNewMessage: [XTWWAN-PE] unknown deliver target [OS-Agent]
03-28 11:05:59.295: E/QCALOG(461): [MessageQ] ProcessNewMessage: [XT-CS] unknown deliver target [OS-Agent]
03-28 11:05:59.295: E/QCALOG(461): [MessageQ] ProcessNewMessage: [XTWiFi-PE] unknown deliver target [OS-Agent]
03-28 11:06:04.285: E/QCALOG(461): [MessageQ] ProcessNewMessage: [XTWWAN-PE] unknown deliver target [OS-Agent]
03-28 11:06:04.285: E/QCALOG(461): [MessageQ] ProcessNewMessage: [XT-CS] unknown deliver target [OS-Agent]
03-28 11:06:04.295: E/QCALOG(461): [MessageQ] ProcessNewMessage: [XTWiFi-PE] unknown deliver target [OS-Agent]
03-28 11:06:09.295: E/QCALOG(461): [MessageQ] ProcessNewMessage: [XTWWAN-PE] unknown deliver target [OS-Agent]
03-28 11:06:09.295: E/QCALOG(461): [MessageQ] ProcessNewMessage: [XT-CS] unknown deliver target [OS-Agent]
03-28 11:06:09.295: E/QCALOG(461): [MessageQ] ProcessNewMessage: [XTWiFi-PE] unknown deliver target [OS-Agent]
03-28 11:06:14.295: E/QCALOG(461): [MessageQ] ProcessNewMessage: [XTWWAN-PE] unknown deliver target [OS-Agent]
03-28 11:06:14.295: E/QCALOG(461): [MessageQ] ProcessNewMessage: [XT-CS] unknown deliver target [OS-Agent]
03-28 11:06:14.295: E/QCALOG(461): [MessageQ] ProcessNewMessage: [XTWiFi-PE] unknown deliver target [OS-Agent]
03-28 11:06:19.295: E/QCALOG(461): [MessageQ] ProcessNewMessage: [XTWWAN-PE] unknown deliver target [OS-Agent]
03-28 11:06:19.295: E/QCALOG(461): [MessageQ] ProcessNewMessage: [XT-CS] unknown deliver target [OS-Agent]
03-28 11:06:19.295: E/QCALOG(461): [MessageQ] ProcessNewMessage: [XTWiFi-PE] unknown deliver target [OS-Agent]
03-28 11:06:24.295: E/QCALOG(461): [MessageQ] ProcessNewMessage: [XTWWAN-PE] unknown deliver target [OS-Agent]
03-28 11:06:24.295: E/QCALOG(461): [MessageQ] ProcessNewMessage: [XT-CS] unknown deliver target [OS-Agent]
03-28 11:06:24.295: E/QCALOG(461): [MessageQ] ProcessNewMessage: [XTWiFi-PE] unknown deliver target [OS-Agent]
03-28 11:06:29.295: E/QCALOG(461): [MessageQ] ProcessNewMessage: [XTWWAN-PE] unknown deliver target [OS-Agent]
03-28 11:06:29.295: E/QCALOG(461): [MessageQ] ProcessNewMessage: [XT-CS] unknown deliver target [OS-Agent]
03-28 11:06:29.295: E/QCALOG(461): [MessageQ] ProcessNewMessage: [XTWiFi-PE] unknown deliver target [OS-Agent]
03-28 11:06:34.295: E/QCALOG(461): [MessageQ] ProcessNewMessage: [XTWWAN-PE] unknown deliver target [OS-Agent]
03-28 11:06:34.295: E/QCALOG(461): [MessageQ] ProcessNewMessage: [XT-CS] unknown deliver target [OS-Agent]
03-28 11:06:34.295: E/QCALOG(461): [MessageQ] ProcessNewMessage: [XTWiFi-PE] unknown deliver target [OS-Agent]
03-28 11:06:39.295: E/QCALOG(461): [MessageQ] ProcessNewMessage: [XTWWAN-PE] unknown deliver target [OS-Agent]
03-28 11:06:39.295: E/QCALOG(461): [MessageQ] ProcessNewMessage: [XT-CS] unknown deliver target [OS-Agent]
03-28 11:06:39.295: E/QCALOG(461): [MessageQ] ProcessNewMessage: [XTWiFi-PE] unknown deliver target [OS-Agent]
03-28 11:06:41.385: E/QCALOG(461): [MessageQ] ProcessNewMessage: [LOWI-SERVER] unknown deliver target [OS-Agent]
03-28 11:06:44.295: E/QCALOG(461): [MessageQ] ProcessNewMessage: [XTWWAN-PE] unknown deliver target [OS-Agent]
03-28 11:06:44.295: E/QCALOG(461): [MessageQ] ProcessNewMessage: [XT-CS] unknown deliver target [OS-Agent]
03-28 11:06:44.295: E/QCALOG(461): [MessageQ] ProcessNewMessage: [XTWiFi-PE] unknown deliver target [OS-Agent]
03-28 11:06:49.305: E/QCALOG(461): [MessageQ] ProcessNewMessage: [XTWWAN-PE] unknown deliver target [OS-Agent]
03-28 11:06:49.305: E/QCALOG(461): [MessageQ] ProcessNewMessage: [XT-CS] unknown deliver target [OS-Agent]
03-28 11:06:49.305: E/QCALOG(461): [MessageQ] ProcessNewMessage: [XTWiFi-PE] unknown deliver target [OS-Agent]
03-28 11:06:54.295: E/QCALOG(461): [MessageQ] ProcessNewMessage: [XTWWAN-PE] unknown deliver target [OS-Agent]
03-28 11:06:54.295: E/QCALOG(461): [MessageQ] ProcessNewMessage: [XT-CS] unknown deliver target [OS-Agent]
03-28 11:06:54.295: E/QCALOG(461): [MessageQ] ProcessNewMessage: [XTWiFi-PE] unknown deliver target [OS-Agent]
